#
# There is insufficient memory for the Java Runtime Environment to continue.
# Native memory allocation (malloc) failed to allocate 1048576 bytes. Error detail: AllocateHeap
# Possible reasons:
#   The system is out of physical RAM or swap space
#   This process is running with CompressedOops enabled, and the Java Heap may be blocking the growth of the native heap
# Possible solutions:
#   Reduce memory load on the system
#   Increase physical memory or swap space
#   Check if swap backing store is full
#   Decrease Java heap size (-Xmx/-Xms)
#   Decrease number of Java threads
#   Decrease Java thread stack sizes (-Xss)
#   Set larger code cache with -XX:ReservedCodeCacheSize=
#   JVM is running with Unscaled Compressed Oops mode in which the Java heap is
#     placed in the first 4GB address space. The Java Heap base address is the
#     maximum limit for the native heap growth. Please use -XX:HeapBaseMinAddress
#     to set the Java Heap base and to place the Java Heap above 4GB virtual address.
# This output file may be truncated or incomplete.
#
#  Out of Memory Error (allocation.cpp:44), pid=18740, tid=13644
#
# JRE version: OpenJDK Runtime Environment Temurin-21.0.11+10 (21.0.11+10) (build 21.0.11+10-LTS)
# Java VM: OpenJDK 64-Bit Server VM Temurin-21.0.11+10 (21.0.11+10-LTS, mixed mode, sharing, tiered, compressed oops, compressed class ptrs, parallel gc, windows-amd64)
# No core dump will be written. Minidumps are not enabled by default on client versions of Windows
#

---------------  S U M M A R Y ------------

Command Line: --add-modules=ALL-SYSTEM --add-opens=java.base/java.util=ALL-UNNAMED --add-opens=java.base/java.lang=ALL-UNNAMED --add-opens=java.base/sun.nio.fs=ALL-UNNAMED -Declipse.application=org.eclipse.jdt.ls.core.id1 -Dosgi.bundles.defaultStartLevel=4 -Declipse.product=org.eclipse.jdt.ls.core.product -Djava.import.generatesMetadataFilesAtProjectRoot=false -DDetectVMInstallationsJob.disabled=true -Dfile.encoding=utf8 -XX:+UseParallelGC -XX:GCTimeRatio=4 -XX:AdaptiveSizePolicyWeight=90 -Dsun.zip.disableMemoryMapping=true -Xmx2G -Xms100m -Xlog:disable -javaagent:c:\Users\anbui\.vscode\extensions\redhat.java-1.55.0-win32-x64\lombok\lombok-1.18.39-4050.jar -XX:+HeapDumpOnOutOfMemoryError -XX:HeapDumpPath=c:\Users\anbui\AppData\Roaming\Code\User\workspaceStorage\4c3b01ef5db8e28a084d79cf8c87eaeb\redhat.java -Daether.dependencyCollector.impl=bf c:\Users\anbui\.vscode\extensions\redhat.java-1.55.0-win32-x64\server\plugins\org.eclipse.equinox.launcher_1.7.200.v20260619-2039.jar -configuration c:\Users\anbui\AppData\Roaming\Code\User\globalStorage\redhat.java\1.55.0\config_win -data c:\Users\anbui\AppData\Roaming\Code\User\workspaceStorage\4c3b01ef5db8e28a084d79cf8c87eaeb\redhat.java\jdt_ws --pipe=\\.\pipe\lsp-28ca870b04e81a2e1c01af788de16cf6-sock

Host: AMD Ryzen 3 7320U with Radeon Graphics         , 8 cores, 7G,  Windows 11 , 64 bit Build 26100 (10.0.26100.9168)
Time: Wed Sep  2 21:16:49 2026 India Standard Time elapsed time: 2519.709107 seconds (0d 0h 41m 59s)

---------------  T H R E A D  ---------------

Current thread (0x0000013c691020d0):  JavaThread "Attach Listener" daemon [_thread_in_vm, id=13644, stack(0x0000003ad6a00000,0x0000003ad6b00000) (1024K)]

Stack: [0x0000003ad6a00000,0x0000003ad6b00000]
Native frames: (J=compiled Java code, j=interpreted, Vv=VM code, C=native code)
V  [jvm.dll+0x6d7e19]
V  [jvm.dll+0x8b5096]
V  [jvm.dll+0x8b764e]
V  [jvm.dll+0x8b7d33]
V  [jvm.dll+0x284596]
V  [jvm.dll+0xc13c7]
V  [jvm.dll+0x6d86c9]
V  [jvm.dll+0x133616]
V  [jvm.dll+0x3f868e]
V  [jvm.dll+0x85fb0d]
V  [jvm.dll+0x6d664d]
C  [ucrtbase.dll+0x2cd30]
C  [KERNEL32.DLL+0x2ccb7]
C  [ntdll.dll+0xaad6c]


---------------  P R O C E S S  ---------------

Threads class SMR info:
_java_thread_list=0x0000013c47167180, length=36, elements={
0x0000013c691918e0, 0x0000013c690f83d0, 0x0000013c6923e500, 0x0000013c69101670,
0x0000013c691020d0, 0x0000013c69105940, 0x0000013c69103890, 0x0000013c69109fd0,
0x0000013c424a0000, 0x0000013c425e58d0, 0x0000013c427799f0, 0x0000013c4744c660,
0x0000013c47576e70, 0x0000013c42591fe0, 0x0000013c4284c130, 0x0000013c4779a660,
0x0000013c47c03c00, 0x0000013c47759b30, 0x0000013c47aca740, 0x0000013c47acc180,
0x0000013c47aca0b0, 0x0000013c47acb460, 0x0000013c47ac8d00, 0x0000013c4942b190,
0x0000013c4942df80, 0x0000013c4942c540, 0x0000013c4942cbd0, 0x0000013c4942b820,
0x0000013c4942f330, 0x0000013c4942beb0, 0x0000013c49430050, 0x0000013c4942f9c0,
0x0000013c494306e0, 0x0000013c4942d260, 0x0000013c49432120, 0x0000013c49431a90
}

Java Threads: ( => current thread )
  0x0000013c691918e0 JavaThread "main"                              [_thread_blocked, id=21548, stack(0x0000003ad6300000,0x0000003ad6400000) (1024K)]
  0x0000013c690f83d0 JavaThread "Reference Handler"          daemon [_thread_blocked, id=22392, stack(0x0000003ad6700000,0x0000003ad6800000) (1024K)]
  0x0000013c6923e500 JavaThread "Finalizer"                  daemon [_thread_blocked, id=10096, stack(0x0000003ad6800000,0x0000003ad6900000) (1024K)]
  0x0000013c69101670 JavaThread "Signal Dispatcher"          daemon [_thread_blocked, id=12888, stack(0x0000003ad6900000,0x0000003ad6a00000) (1024K)]
=>0x0000013c691020d0 JavaThread "Attach Listener"            daemon [_thread_in_vm, id=13644, stack(0x0000003ad6a00000,0x0000003ad6b00000) (1024K)]
  0x0000013c69105940 JavaThread "Service Thread"             daemon [_thread_blocked, id=17760, stack(0x0000003ad6b00000,0x0000003ad6c00000) (1024K)]
  0x0000013c69103890 JavaThread "Monitor Deflation Thread"   daemon [_thread_blocked, id=18376, stack(0x0000003ad6c00000,0x0000003ad6d00000) (1024K)]
  0x0000013c69109fd0 JavaThread "C2 CompilerThread0"         daemon [_thread_blocked, id=9480, stack(0x0000003ad6d00000,0x0000003ad6e00000) (1024K)]
  0x0000013c424a0000 JavaThread "C1 CompilerThread0"         daemon [_thread_blocked, id=9348, stack(0x0000003ad6e00000,0x0000003ad6f00000) (1024K)]
  0x0000013c425e58d0 JavaThread "Common-Cleaner"             daemon [_thread_blocked, id=13000, stack(0x0000003ad6f00000,0x0000003ad7000000) (1024K)]
  0x0000013c427799f0 JavaThread "Notification Thread"        daemon [_thread_blocked, id=20896, stack(0x0000003ad7000000,0x0000003ad7100000) (1024K)]
  0x0000013c4744c660 JavaThread "Active Thread: Equinox Container: ad365273-ff7a-45d0-a256-6b3452229685"        [_thread_blocked, id=16676, stack(0x0000003ad7700000,0x0000003ad7800000) (1024K)]
  0x0000013c47576e70 JavaThread "Refresh Thread: Equinox Container: ad365273-ff7a-45d0-a256-6b3452229685" daemon [_thread_blocked, id=22172, stack(0x0000003ad7900000,0x0000003ad7a00000) (1024K)]
  0x0000013c42591fe0 JavaThread "Framework Event Dispatcher: Equinox Container: ad365273-ff7a-45d0-a256-6b3452229685" daemon [_thread_blocked, id=23000, stack(0x0000003ad7a00000,0x0000003ad7b00000) (1024K)]
  0x0000013c4284c130 JavaThread "Start Level: Equinox Container: ad365273-ff7a-45d0-a256-6b3452229685" daemon [_thread_blocked, id=4068, stack(0x0000003ad7b00000,0x0000003ad7c00000) (1024K)]
  0x0000013c4779a660 JavaThread "Bundle File Closer"         daemon [_thread_blocked, id=9080, stack(0x0000003ad7c00000,0x0000003ad7d00000) (1024K)]
  0x0000013c47c03c00 JavaThread "SCR Component Actor"        daemon [_thread_blocked, id=3616, stack(0x0000003ad7d00000,0x0000003ad7e00000) (1024K)]
  0x0000013c47759b30 JavaThread "Worker-JM"                         [_thread_blocked, id=21492, stack(0x0000003ad7e00000,0x0000003ad7f00000) (1024K)]
  0x0000013c47aca740 JavaThread "JNA Cleaner"                daemon [_thread_blocked, id=9432, stack(0x0000003ad7f00000,0x0000003ad8000000) (1024K)]
  0x0000013c47acc180 JavaThread "Java indexing"              daemon [_thread_blocked, id=14092, stack(0x0000003ad8200000,0x0000003ad8300000) (1024K)]
  0x0000013c47aca0b0 JavaThread "Worker-4"                          [_thread_blocked, id=20912, stack(0x0000003ad8700000,0x0000003ad8800000) (1024K)]
  0x0000013c47acb460 JavaThread "Thread-1"                   daemon [_thread_in_native, id=15188, stack(0x0000003ad8800000,0x0000003ad8900000) (1024K)]
  0x0000013c47ac8d00 JavaThread "Thread-2"                   daemon [_thread_in_native, id=21360, stack(0x0000003ad8900000,0x0000003ad8a00000) (1024K)]
  0x0000013c4942b190 JavaThread "Thread-3"                   daemon [_thread_in_native, id=15772, stack(0x0000003ad8a00000,0x0000003ad8b00000) (1024K)]
  0x0000013c4942df80 JavaThread "Thread-4"                   daemon [_thread_in_native, id=14080, stack(0x0000003ad8b00000,0x0000003ad8c00000) (1024K)]
  0x0000013c4942c540 JavaThread "Thread-5"                   daemon [_thread_in_native, id=20460, stack(0x0000003ad8c00000,0x0000003ad8d00000) (1024K)]
  0x0000013c4942cbd0 JavaThread "Thread-6"                   daemon [_thread_in_native, id=2264, stack(0x0000003ad8d00000,0x0000003ad8e00000) (1024K)]
  0x0000013c4942b820 JavaThread "Thread-7"                   daemon [_thread_in_native, id=17880, stack(0x0000003ad8e00000,0x0000003ad8f00000) (1024K)]
  0x0000013c4942f330 JavaThread "Thread-8"                   daemon [_thread_in_native, id=12236, stack(0x0000003ad8f00000,0x0000003ad9000000) (1024K)]
  0x0000013c4942beb0 JavaThread "Thread-9"                   daemon [_thread_in_native, id=2420, stack(0x0000003ad9000000,0x0000003ad9100000) (1024K)]
  0x0000013c49430050 JavaThread "pool-2-thread-1"                   [_thread_blocked, id=4884, stack(0x0000003ad9100000,0x0000003ad9200000) (1024K)]
  0x0000013c4942f9c0 JavaThread "WorkspaceEventsHandler"            [_thread_blocked, id=6024, stack(0x0000003ad9200000,0x0000003ad9300000) (1024K)]
  0x0000013c494306e0 JavaThread "pool-1-thread-1"                   [_thread_blocked, id=18840, stack(0x0000003ad9300000,0x0000003ad9400000) (1024K)]
  0x0000013c4942d260 JavaThread "PatternSearchJob-worker-3"  daemon [_thread_blocked, id=22156, stack(0x0000003ad9600000,0x0000003ad9700000) (1024K)]
  0x0000013c49432120 JavaThread "PatternSearchJob-worker-7"  daemon [_thread_blocked, id=20124, stack(0x0000003ad9a00000,0x0000003ad9b00000) (1024K)]
  0x0000013c49431a90 JavaThread "Worker-6"                          [_thread_blocked, id=13484, stack(0x0000003ad6100000,0x0000003ad6200000) (1024K)]
Total: 36

Other Threads:
  0x0000013c690f2590 VMThread "VM Thread"                           [id=3696, stack(0x0000003ad6600000,0x0000003ad6700000) (1024K)]
  0x0000013c6900ca00 WatcherThread "VM Periodic Task Thread"        [id=9696, stack(0x0000003ad6500000,0x0000003ad6600000) (1024K)]
  0x0000013c691a9e00 WorkerThread "GC Thread#0"                     [id=10176, stack(0x0000003ad6400000,0x0000003ad6500000) (1024K)]
  0x0000013c471f79e0 WorkerThread "GC Thread#1"                     [id=1228, stack(0x0000003ad7100000,0x0000003ad7200000) (1024K)]
  0x0000013c4722afe0 WorkerThread "GC Thread#2"                     [id=13552, stack(0x0000003ad7200000,0x0000003ad7300000) (1024K)]
  0x0000013c471f8900 WorkerThread "GC Thread#3"                     [id=1444, stack(0x0000003ad7300000,0x0000003ad7400000) (1024K)]
  0x0000013c473a83c0 WorkerThread "GC Thread#4"                     [id=17584, stack(0x0000003ad7400000,0x0000003ad7500000) (1024K)]
  0x0000013c473a8770 WorkerThread "GC Thread#5"                     [id=6440, stack(0x0000003ad7500000,0x0000003ad7600000) (1024K)]
  0x0000013c473a8b20 WorkerThread "GC Thread#6"                     [id=8204, stack(0x0000003ad7600000,0x0000003ad7700000) (1024K)]
  0x0000013c69110300 WorkerThread "GC Thread#7"                     [id=9664, stack(0x0000003ad7800000,0x0000003ad7900000) (1024K)]
Total: 10

Threads with active compile tasks:
Total: 0

VM state: not at safepoint (normal execution)

VM Mutex/Monitor currently owned by a thread: None

Heap address: 0x0000000080000000, size: 2048 MB, Compressed Oops mode: 32-bit

CDS archive(s) mapped at: [0x0000013c00000000-0x0000013c00ba0000-0x0000013c00ba0000), size 12189696, SharedBaseAddress: 0x0000013c00000000, ArchiveRelocationMode: 1.
Compressed class space mapped at: 0x0000013c01000000-0x0000013c41000000, reserved size: 1073741824
Narrow klass base: 0x0000013c00000000, Narrow klass shift: 0, Narrow klass range: 0x100000000

GC Precious Log:
 CardTable entry size: 512
 CPUs: 8 total, 8 available
 Memory: 7379M
 Large Page Support: Disabled
 NUMA Support: Disabled
 Compressed Oops: Enabled (32-bit)
 Alignments: Space 512K, Generation 512K, Heap 2M
 Heap Min Capacity: 100M
 Heap Initial Capacity: 100M
 Heap Max Capacity: 2G
 Pre-touch: Disabled
 Parallel Workers: 8

Heap:
 PSYoungGen      total 14848K, used 13604K [0x00000000d5580000, 0x00000000d6600000, 0x0000000100000000)
  eden space 13824K, 96% used [0x00000000d5580000,0x00000000d6281280,0x00000000d6300000)
  from space 1024K, 28% used [0x00000000d6400000,0x00000000d6448000,0x00000000d6500000)
  to   space 512K, 0% used [0x00000000d6580000,0x00000000d6580000,0x00000000d6600000)
 ParOldGen       total 230400K, used 228395K [0x0000000080000000, 0x000000008e100000, 0x00000000d5580000)
  object space 230400K, 99% used [0x0000000080000000,0x000000008df0ad38,0x000000008e100000)
 Metaspace       used 67885K, committed 69504K, reserved 1114112K
  class space    used 7133K, committed 7872K, reserved 1048576K

Card table byte_map: [0x0000013c68b20000,0x0000013c68f30000] _byte_map_base: 0x0000013c68720000

Marking Bits: (ParMarkBitMap*) 0x00007ffbeda84460
 Begin Bits: [0x0000013c7b630000, 0x0000013c7d630000)
 End Bits:   [0x0000013c7d630000, 0x0000013c7f630000)

Polling page: 0x0000013c67490000

Metaspace:

Usage:
  Non-class:     59.33 MB used.
      Class:      6.97 MB used.
       Both:     66.29 MB used.

Virtual space:
  Non-class space:       64.00 MB reserved,      60.19 MB ( 94%) committed,  1 nodes.
      Class space:        1.00 GB reserved,       7.69 MB ( <1%) committed,  1 nodes.
             Both:        1.06 GB reserved,      67.88 MB (  6%) committed. 

Chunk freelists:
   Non-Class:  3.51 MB
       Class:  8.35 MB
        Both:  11.86 MB

MaxMetaspaceSize: unlimited
CompressedClassSpaceSize: 1.00 GB
Initial GC threshold: 21.00 MB
Current GC threshold: 97.31 MB
CDS: on
 - commit_granule_bytes: 65536.
 - commit_granule_words: 8192.
 - virtual_space_node_default_size: 8388608.
 - enlarge_chunks_in_place: 1.
 - use_allocation_guard: 0.


Internal statistics:

num_allocs_failed_limit: 9.
num_arena_births: 1274.
num_arena_deaths: 18.
num_vsnodes_births: 2.
num_vsnodes_deaths: 0.
num_space_committed: 1086.
num_space_uncommitted: 0.
num_chunks_returned_to_freelist: 29.
num_chunks_taken_from_freelist: 4538.
num_chunk_merges: 17.
num_chunk_splits: 2752.
num_chunks_enlarged: 1548.
num_inconsistent_stats: 0.

CodeHeap 'non-profiled nmethods': size=120000Kb used=7887Kb max_used=7887Kb free=112113Kb
 bounds [0x0000013c73e50000, 0x0000013c74610000, 0x0000013c7b380000]
CodeHeap 'profiled nmethods': size=120000Kb used=29545Kb max_used=29545Kb free=90454Kb
 bounds [0x0000013c6c380000, 0x0000013c6e060000, 0x0000013c738b0000]
CodeHeap 'non-nmethods': size=5760Kb used=1435Kb max_used=1523Kb free=4324Kb
 bounds [0x0000013c738b0000, 0x0000013c73b20000, 0x0000013c73e50000]
CodeCache: size=245760Kb, used=38867Kb, max_used=38955Kb, free=206891Kb
 total_blobs=13949, nmethods=13202, adapters=650, full_count=0
Compilation: enabled, stopped_count=0, restarted_count=0

Compilation events (20 events):
Event: 2110.852 Thread 0x0000013c69109fd0 13892       4       java.net.URI$Parser::parseHierarchical (178 bytes)
Event: 2110.853 Thread 0x0000013c424a0000 13893       3       java.util.Hashtable::getIterator (22 bytes)
Event: 2110.854 Thread 0x0000013c424a0000 nmethod 13893 0x0000013c6e055210 code [0x0000013c6e0553e0, 0x0000013c6e055660]
Event: 2110.856 Thread 0x0000013c424a0000 13897       3       org.eclipse.core.internal.dtree.AbstractDataTreeNode::compareWith (364 bytes)
Event: 2110.861 Thread 0x0000013c424a0000 nmethod 13897 0x0000013c6e055790 code [0x0000013c6e055b00, 0x0000013c6e057b40]
Event: 2110.861 Thread 0x0000013c424a0000 13896       3       org.eclipse.core.internal.dtree.DataTreeNode::compareWith (74 bytes)
Event: 2110.862 Thread 0x0000013c424a0000 nmethod 13896 0x0000013c6e058490 code [0x0000013c6e058680, 0x0000013c6e058bf0]
Event: 2110.885 Thread 0x0000013c69109fd0 nmethod 13892 0x0000013c745fdc90 code [0x0000013c745fdf60, 0x0000013c745ff150]
Event: 2110.885 Thread 0x0000013c69109fd0 13894       4       java.net.URI$Parser::parse (243 bytes)
Event: 2110.909 Thread 0x0000013c69109fd0 nmethod 13894 0x0000013c74600090 code [0x0000013c746003e0, 0x0000013c74601a80]
Event: 2110.909 Thread 0x0000013c69109fd0 13895       4       java.net.URI$Parser::checkChar (14 bytes)
Event: 2110.914 Thread 0x0000013c69109fd0 nmethod 13895 0x0000013c74602c10 code [0x0000013c74602e00, 0x0000013c746034c8]
Event: 2114.990 Thread 0x0000013c424a0000 13898       1       org.eclipse.core.internal.jobs.InternalJob::setProgressMonitor (6 bytes)
Event: 2114.990 Thread 0x0000013c424a0000 nmethod 13898 0x0000013c74603910 code [0x0000013c74603aa0, 0x0000013c74603b88]
Event: 2114.990 Thread 0x0000013c424a0000 13899       3       org.eclipse.core.internal.dtree.AbstractDataTreeNode::storeStrings (42 bytes)
Event: 2114.991 Thread 0x0000013c424a0000 nmethod 13899 0x0000013c6e058e90 code [0x0000013c6e059060, 0x0000013c6e0593d8]
Event: 2114.991 Thread 0x0000013c424a0000 13900       3       org.eclipse.core.internal.dtree.DataTreeNode::storeStrings (28 bytes)
Event: 2114.991 Thread 0x0000013c424a0000 nmethod 13900 0x0000013c6e059590 code [0x0000013c6e059760, 0x0000013c6e059be0]
Event: 2475.038 Thread 0x0000013c424a0000 13901  s!   3       org.eclipse.core.internal.jobs.WorkerPool::sleep (124 bytes)
Event: 2475.051 Thread 0x0000013c424a0000 nmethod 13901 0x0000013c6e059d10 code [0x0000013c6e059f20, 0x0000013c6e05a438]

GC Heap History (20 events):
Event: 470.653 GC heap before
{Heap before GC invocations=127 (full 3):
 PSYoungGen      total 14336K, used 14144K [0x00000000d5580000, 0x00000000d6700000, 0x0000000100000000)
  eden space 13824K, 100% used [0x00000000d5580000,0x00000000d6300000,0x00000000d6300000)
  from space 512K, 62% used [0x00000000d6600000,0x00000000d6650000,0x00000000d6680000)
  to   space 512K, 0% used [0x00000000d6680000,0x00000000d6680000,0x00000000d6700000)
 ParOldGen       total 147456K, used 147289K [0x0000000080000000, 0x0000000089000000, 0x00000000d5580000)
  object space 147456K, 99% used [0x0000000080000000,0x0000000088fd6680,0x0000000089000000)
 Metaspace       used 67128K, committed 68608K, reserved 1114112K
  class space    used 7100K, committed 7744K, reserved 1048576K
}
Event: 470.655 GC heap after
{Heap after GC invocations=127 (full 3):
 PSYoungGen      total 14336K, used 352K [0x00000000d5580000, 0x00000000d6700000, 0x0000000100000000)
  eden space 13824K, 0% used [0x00000000d5580000,0x00000000d5580000,0x00000000d6300000)
  from space 512K, 68% used [0x00000000d6680000,0x00000000d66d8000,0x00000000d6700000)
  to   space 512K, 0% used [0x00000000d6600000,0x00000000d6600000,0x00000000d6680000)
 ParOldGen       total 147968K, used 147489K [0x0000000080000000, 0x0000000089080000, 0x00000000d5580000)
  object space 147968K, 99% used [0x0000000080000000,0x0000000089008680,0x0000000089080000)
 Metaspace       used 67128K, committed 68608K, reserved 1114112K
  class space    used 7100K, committed 7744K, reserved 1048576K
}
Event: 470.673 GC heap before
{Heap before GC invocations=128 (full 3):
 PSYoungGen      total 14336K, used 14176K [0x00000000d5580000, 0x00000000d6700000, 0x0000000100000000)
  eden space 13824K, 100% used [0x00000000d5580000,0x00000000d6300000,0x00000000d6300000)
  from space 512K, 68% used [0x00000000d6680000,0x00000000d66d8000,0x00000000d6700000)
  to   space 512K, 0% used [0x00000000d6600000,0x00000000d6600000,0x00000000d6680000)
 ParOldGen       total 147968K, used 147489K [0x0000000080000000, 0x0000000089080000, 0x00000000d5580000)
  object space 147968K, 99% used [0x0000000080000000,0x0000000089008680,0x0000000089080000)
 Metaspace       used 67128K, committed 68608K, reserved 1114112K
  class space    used 7100K, committed 7744K, reserved 1048576K
}
Event: 470.675 GC heap after
{Heap after GC invocations=128 (full 3):
 PSYoungGen      total 14336K, used 448K [0x00000000d5580000, 0x00000000d6700000, 0x0000000100000000)
  eden space 13824K, 0% used [0x00000000d5580000,0x00000000d5580000,0x00000000d6300000)
  from space 512K, 87% used [0x00000000d6600000,0x00000000d6670000,0x00000000d6680000)
  to   space 512K, 0% used [0x00000000d6680000,0x00000000d6680000,0x00000000d6700000)
 ParOldGen       total 147968K, used 147737K [0x0000000080000000, 0x0000000089080000, 0x00000000d5580000)
  object space 147968K, 99% used [0x0000000080000000,0x0000000089046680,0x0000000089080000)
 Metaspace       used 67128K, committed 68608K, reserved 1114112K
  class space    used 7100K, committed 7744K, reserved 1048576K
}
Event: 470.722 GC heap before
{Heap before GC invocations=129 (full 3):
 PSYoungGen      total 14336K, used 14272K [0x00000000d5580000, 0x00000000d6700000, 0x0000000100000000)
  eden space 13824K, 100% used [0x00000000d5580000,0x00000000d6300000,0x00000000d6300000)
  from space 512K, 87% used [0x00000000d6600000,0x00000000d6670000,0x00000000d6680000)
  to   space 512K, 0% used [0x00000000d6680000,0x00000000d6680000,0x00000000d6700000)
 ParOldGen       total 147968K, used 147737K [0x0000000080000000, 0x0000000089080000, 0x00000000d5580000)
  object space 147968K, 99% used [0x0000000080000000,0x0000000089046680,0x0000000089080000)
 Metaspace       used 67133K, committed 68608K, reserved 1114112K
  class space    used 7100K, committed 7744K, reserved 1048576K
}
Event: 470.724 GC heap after
{Heap after GC invocations=129 (full 3):
 PSYoungGen      total 14336K, used 497K [0x00000000d5580000, 0x00000000d6700000, 0x0000000100000000)
  eden space 13824K, 0% used [0x00000000d5580000,0x00000000d5580000,0x00000000d6300000)
  from space 512K, 97% used [0x00000000d6680000,0x00000000d66fc5a0,0x00000000d6700000)
  to   space 2048K, 0% used [0x00000000d6300000,0x00000000d6300000,0x00000000d6500000)
 ParOldGen       total 148992K, used 148768K [0x0000000080000000, 0x0000000089180000, 0x00000000d5580000)
  object space 148992K, 99% used [0x0000000080000000,0x0000000089148028,0x0000000089180000)
 Metaspace       used 67133K, committed 68608K, reserved 1114112K
  class space    used 7100K, committed 7744K, reserved 1048576K
}
Event: 470.754 GC heap before
{Heap before GC invocations=130 (full 3):
 PSYoungGen      total 14336K, used 14321K [0x00000000d5580000, 0x00000000d6700000, 0x0000000100000000)
  eden space 13824K, 100% used [0x00000000d5580000,0x00000000d6300000,0x00000000d6300000)
  from space 512K, 97% used [0x00000000d6680000,0x00000000d66fc5a0,0x00000000d6700000)
  to   space 2048K, 0% used [0x00000000d6300000,0x00000000d6300000,0x00000000d6500000)
 ParOldGen       total 148992K, used 148768K [0x0000000080000000, 0x0000000089180000, 0x00000000d5580000)
  object space 148992K, 99% used [0x0000000080000000,0x0000000089148028,0x0000000089180000)
 Metaspace       used 67134K, committed 68608K, reserved 1114112K
  class space    used 7100K, committed 7744K, reserved 1048576K
}
Event: 470.755 GC heap after
{Heap after GC invocations=130 (full 3):
 PSYoungGen      total 15872K, used 224K [0x00000000d5580000, 0x00000000d6700000, 0x0000000100000000)
  eden space 13824K, 0% used [0x00000000d5580000,0x00000000d5580000,0x00000000d6300000)
  from space 2048K, 10% used [0x00000000d6300000,0x00000000d6338000,0x00000000d6500000)
  to   space 1024K, 0% used [0x00000000d6600000,0x00000000d6600000,0x00000000d6700000)
 ParOldGen       total 149504K, used 149137K [0x0000000080000000, 0x0000000089200000, 0x00000000d5580000)
  object space 149504K, 99% used [0x0000000080000000,0x00000000891a45e8,0x0000000089200000)
 Metaspace       used 67134K, committed 68608K, reserved 1114112K
  class space    used 7100K, committed 7744K, reserved 1048576K
}
Event: 470.784 GC heap before
{Heap before GC invocations=131 (full 3):
 PSYoungGen      total 15872K, used 14048K [0x00000000d5580000, 0x00000000d6700000, 0x0000000100000000)
  eden space 13824K, 100% used [0x00000000d5580000,0x00000000d6300000,0x00000000d6300000)
  from space 2048K, 10% used [0x00000000d6300000,0x00000000d6338000,0x00000000d6500000)
  to   space 1024K, 0% used [0x00000000d6600000,0x00000000d6600000,0x00000000d6700000)
 ParOldGen       total 149504K, used 149137K [0x0000000080000000, 0x0000000089200000, 0x00000000d5580000)
  object space 149504K, 99% used [0x0000000080000000,0x00000000891a45e8,0x0000000089200000)
 Metaspace       used 67134K, committed 68608K, reserved 1114112K
  class space    used 7100K, committed 7744K, reserved 1048576K
}
Event: 470.786 GC heap after
{Heap after GC invocations=131 (full 3):
 PSYoungGen      total 14336K, used 394K [0x00000000d5580000, 0x00000000d6680000, 0x0000000100000000)
  eden space 13824K, 0% used [0x00000000d5580000,0x00000000d5580000,0x00000000d6300000)
  from space 512K, 77% used [0x00000000d6600000,0x00000000d6662910,0x00000000d6680000)
  to   space 512K, 0% used [0x00000000d6580000,0x00000000d6580000,0x00000000d6600000)
 ParOldGen       total 149504K, used 149201K [0x0000000080000000, 0x0000000089200000, 0x00000000d5580000)
  object space 149504K, 99% used [0x0000000080000000,0x00000000891b45e8,0x0000000089200000)
 Metaspace       used 67134K, committed 68608K, reserved 1114112K
  class space    used 7100K, committed 7744K, reserved 1048576K
}
Event: 470.834 GC heap before
{Heap before GC invocations=132 (full 3):
 PSYoungGen      total 14336K, used 14218K [0x00000000d5580000, 0x00000000d6680000, 0x0000000100000000)
  eden space 13824K, 100% used [0x00000000d5580000,0x00000000d6300000,0x00000000d6300000)
  from space 512K, 77% used [0x00000000d6600000,0x00000000d6662910,0x00000000d6680000)
  to   space 512K, 0% used [0x00000000d6580000,0x00000000d6580000,0x00000000d6600000)
 ParOldGen       total 149504K, used 149201K [0x0000000080000000, 0x0000000089200000, 0x00000000d5580000)
  object space 149504K, 99% used [0x0000000080000000,0x00000000891b45e8,0x0000000089200000)
 Metaspace       used 67134K, committed 68608K, reserved 1114112K
  class space    used 7100K, committed 7744K, reserved 1048576K
}
Event: 470.836 GC heap after
{Heap after GC invocations=132 (full 3):
 PSYoungGen      total 14336K, used 507K [0x00000000d5580000, 0x00000000d6680000, 0x0000000100000000)
  eden space 13824K, 0% used [0x00000000d5580000,0x00000000d5580000,0x00000000d6300000)
  from space 512K, 99% used [0x00000000d6580000,0x00000000d65fec30,0x00000000d6600000)
  to   space 512K, 0% used [0x00000000d6600000,0x00000000d6600000,0x00000000d6680000)
 ParOldGen       total 149504K, used 149483K [0x0000000080000000, 0x0000000089200000, 0x00000000d5580000)
  object space 149504K, 99% used [0x0000000080000000,0x00000000891fac58,0x0000000089200000)
 Metaspace       used 67134K, committed 68608K, reserved 1114112K
  class space    used 7100K, committed 7744K, reserved 1048576K
}
Event: 470.967 GC heap before
{Heap before GC invocations=133 (full 3):
 PSYoungGen      total 14336K, used 14331K [0x00000000d5580000, 0x00000000d6680000, 0x0000000100000000)
  eden space 13824K, 100% used [0x00000000d5580000,0x00000000d6300000,0x00000000d6300000)
  from space 512K, 99% used [0x00000000d6580000,0x00000000d65fec30,0x00000000d6600000)
  to   space 512K, 0% used [0x00000000d6600000,0x00000000d6600000,0x00000000d6680000)
 ParOldGen       total 149504K, used 149483K [0x0000000080000000, 0x0000000089200000, 0x00000000d5580000)
  object space 149504K, 99% used [0x0000000080000000,0x00000000891fac58,0x0000000089200000)
 Metaspace       used 67178K, committed 68672K, reserved 1114112K
  class space    used 7100K, committed 7744K, reserved 1048576K
}
Event: 470.969 GC heap after
{Heap after GC invocations=133 (full 3):
 PSYoungGen      total 14336K, used 500K [0x00000000d5580000, 0x00000000d6680000, 0x0000000100000000)
  eden space 13824K, 0% used [0x00000000d5580000,0x00000000d5580000,0x00000000d6300000)
  from space 512K, 97% used [0x00000000d6600000,0x00000000d667d200,0x00000000d6680000)
  to   space 1024K, 0% used [0x00000000d6480000,0x00000000d6480000,0x00000000d6580000)
 ParOldGen       total 150016K, used 149635K [0x0000000080000000, 0x0000000089280000, 0x00000000d5580000)
  object space 150016K, 99% used [0x0000000080000000,0x0000000089220c58,0x0000000089280000)
 Metaspace       used 67178K, committed 68672K, reserved 1114112K
  class space    used 7100K, committed 7744K, reserved 1048576K
}
Event: 768.192 GC heap before
{Heap before GC invocations=134 (full 3):
 PSYoungGen      total 14336K, used 14324K [0x00000000d5580000, 0x00000000d6680000, 0x0000000100000000)
  eden space 13824K, 100% used [0x00000000d5580000,0x00000000d6300000,0x00000000d6300000)
  from space 512K, 97% used [0x00000000d6600000,0x00000000d667d200,0x00000000d6680000)
  to   space 1024K, 0% used [0x00000000d6480000,0x00000000d6480000,0x00000000d6580000)
 ParOldGen       total 150016K, used 149635K [0x0000000080000000, 0x0000000089280000, 0x00000000d5580000)
  object space 150016K, 99% used [0x0000000080000000,0x0000000089220c58,0x0000000089280000)
 Metaspace       used 67603K, committed 69248K, reserved 1114112K
  class space    used 7128K, committed 7872K, reserved 1048576K
}
Event: 768.206 GC heap after
{Heap after GC invocations=134 (full 3):
 PSYoungGen      total 14848K, used 1024K [0x00000000d5580000, 0x00000000d6800000, 0x0000000100000000)
  eden space 13824K, 0% used [0x00000000d5580000,0x00000000d5580000,0x00000000d6300000)
  from space 1024K, 100% used [0x00000000d6480000,0x00000000d6580000,0x00000000d6580000)
  to   space 2560K, 0% used [0x00000000d6580000,0x00000000d6580000,0x00000000d6800000)
 ParOldGen       total 150528K, used 150484K [0x0000000080000000, 0x0000000089300000, 0x00000000d5580000)
  object space 150528K, 99% used [0x0000000080000000,0x00000000892f5288,0x0000000089300000)
 Metaspace       used 67603K, committed 69248K, reserved 1114112K
  class space    used 7128K, committed 7872K, reserved 1048576K
}
Event: 1048.773 GC heap before
{Heap before GC invocations=135 (full 3):
 PSYoungGen      total 14848K, used 14848K [0x00000000d5580000, 0x00000000d6800000, 0x0000000100000000)
  eden space 13824K, 100% used [0x00000000d5580000,0x00000000d6300000,0x00000000d6300000)
  from space 1024K, 100% used [0x00000000d6480000,0x00000000d6580000,0x00000000d6580000)
  to   space 2560K, 0% used [0x00000000d6580000,0x00000000d6580000,0x00000000d6800000)
 ParOldGen       total 150528K, used 150484K [0x0000000080000000, 0x0000000089300000, 0x00000000d5580000)
  object space 150528K, 99% used [0x0000000080000000,0x00000000892f5288,0x0000000089300000)
 Metaspace       used 67704K, committed 69312K, reserved 1114112K
  class space    used 7130K, committed 7872K, reserved 1048576K
}
Event: 1048.783 GC heap after
{Heap after GC invocations=135 (full 3):
 PSYoungGen      total 14336K, used 352K [0x00000000d5580000, 0x00000000d6600000, 0x0000000100000000)
  eden space 13824K, 0% used [0x00000000d5580000,0x00000000d5580000,0x00000000d6300000)
  from space 512K, 68% used [0x00000000d6580000,0x00000000d65d8000,0x00000000d6600000)
  to   space 1024K, 0% used [0x00000000d6400000,0x00000000d6400000,0x00000000d6500000)
 ParOldGen       total 151552K, used 151523K [0x0000000080000000, 0x0000000089400000, 0x00000000d5580000)
  object space 151552K, 99% used [0x0000000080000000,0x00000000893f8cc8,0x0000000089400000)
 Metaspace       used 67704K, committed 69312K, reserved 1114112K
  class space    used 7130K, committed 7872K, reserved 1048576K
}
Event: 1348.801 GC heap before
{Heap before GC invocations=136 (full 3):
 PSYoungGen      total 14336K, used 14176K [0x00000000d5580000, 0x00000000d6600000, 0x0000000100000000)
  eden space 13824K, 100% used [0x00000000d5580000,0x00000000d6300000,0x00000000d6300000)
  from space 512K, 68% used [0x00000000d6580000,0x00000000d65d8000,0x00000000d6600000)
  to   space 1024K, 0% used [0x00000000d6400000,0x00000000d6400000,0x00000000d6500000)
 ParOldGen       total 206848K, used 205283K [0x0000000080000000, 0x000000008ca00000, 0x00000000d5580000)
  object space 206848K, 99% used [0x0000000080000000,0x000000008c878d18,0x000000008ca00000)
 Metaspace       used 67815K, committed 69440K, reserved 1114112K
  class space    used 7133K, committed 7872K, reserved 1048576K
}
Event: 1348.850 GC heap after
{Heap after GC invocations=136 (full 3):
 PSYoungGen      total 14848K, used 288K [0x00000000d5580000, 0x00000000d6600000, 0x0000000100000000)
  eden space 13824K, 0% used [0x00000000d5580000,0x00000000d5580000,0x00000000d6300000)
  from space 1024K, 28% used [0x00000000d6400000,0x00000000d6448000,0x00000000d6500000)
  to   space 512K, 0% used [0x00000000d6580000,0x00000000d6580000,0x00000000d6600000)
 ParOldGen       total 206848K, used 205355K [0x0000000080000000, 0x000000008ca00000, 0x00000000d5580000)
  object space 206848K, 99% used [0x0000000080000000,0x000000008c88ad18,0x000000008ca00000)
 Metaspace       used 67815K, committed 69440K, reserved 1114112K
  class space    used 7133K, committed 7872K, reserved 1048576K
}

Dll operation events (10 events):
Event: 0.031 Loaded shared library c:\Users\anbui\.vscode\extensions\redhat.java-1.55.0-win32-x64\jre\21.0.11-win32-x86_64\bin\java.dll
Event: 0.251 Loaded shared library c:\Users\anbui\.vscode\extensions\redhat.java-1.55.0-win32-x64\jre\21.0.11-win32-x86_64\bin\zip.dll
Event: 0.294 Loaded shared library C:\Users\anbui\.vscode\extensions\redhat.java-1.55.0-win32-x64\jre\21.0.11-win32-x86_64\bin\instrument.dll
Event: 0.304 Loaded shared library C:\Users\anbui\.vscode\extensions\redhat.java-1.55.0-win32-x64\jre\21.0.11-win32-x86_64\bin\net.dll
Event: 0.307 Loaded shared library C:\Users\anbui\.vscode\extensions\redhat.java-1.55.0-win32-x64\jre\21.0.11-win32-x86_64\bin\nio.dll
Event: 0.314 Loaded shared library C:\Users\anbui\.vscode\extensions\redhat.java-1.55.0-win32-x64\jre\21.0.11-win32-x86_64\bin\zip.dll
Event: 0.349 Loaded shared library C:\Users\anbui\.vscode\extensions\redhat.java-1.55.0-win32-x64\jre\21.0.11-win32-x86_64\bin\jimage.dll
Event: 0.491 Loaded shared library c:\Users\anbui\.vscode\extensions\redhat.java-1.55.0-win32-x64\jre\21.0.11-win32-x86_64\bin\verify.dll
Event: 8.771 Loaded shared library C:\Users\anbui\AppData\Roaming\Code\User\globalStorage\redhat.java\1.55.0\config_win\org.eclipse.equinox.launcher\org.eclipse.equinox.launcher.win32.win32.x86_64_1.3.100.v20260613-0559\eclipse_11924.dll
Event: 14.725 Loaded shared library C:\Users\anbui\AppData\Local\Temp\jna-92956457\jna15078930759968817469.dll

Deoptimization events (20 events):
Event: 768.786 Thread 0x0000013c49430d70 DEOPT PACKING pc=0x0000013c743ac750 sp=0x0000003ad97fea20
Event: 768.786 Thread 0x0000013c49430d70 DEOPT UNPACKING pc=0x0000013c73903aa2 sp=0x0000003ad97fe8a8 mode 2
Event: 768.786 Thread 0x0000013c49430d70 Uncommon trap: trap_request=0xffffff45 fr.pc=0x0000013c743a6c08 relative=0x00000000000001a8
Event: 768.786 Thread 0x0000013c49430d70 Uncommon trap: reason=unstable_if action=reinterpret pc=0x0000013c743a6c08 method=org.eclipse.jdt.core.compiler.CharOperation.prefixEquals([C[CZI)Z @ 84 c2
Event: 768.786 Thread 0x0000013c49430d70 DEOPT PACKING pc=0x0000013c743a6c08 sp=0x0000003ad97fe930
Event: 768.786 Thread 0x0000013c49430d70 DEOPT UNPACKING pc=0x0000013c73903aa2 sp=0x0000003ad97fe8b0 mode 2
Event: 768.789 Thread 0x0000013c4942d260 DEOPT PACKING pc=0x0000013c6c60d705 sp=0x0000003ad96fed70
Event: 768.789 Thread 0x0000013c4942d260 DEOPT UNPACKING pc=0x0000013c73904242 sp=0x0000003ad96fe2f0 mode 0
Event: 768.795 Thread 0x0000013c53b9d760 DEOPT PACKING pc=0x0000013c6c60d705 sp=0x0000003ad84fedb0
Event: 768.796 Thread 0x0000013c53b9d760 DEOPT UNPACKING pc=0x0000013c73904242 sp=0x0000003ad84fe330 mode 0
Event: 768.799 Thread 0x0000013c4942eca0 DEOPT PACKING pc=0x0000013c6c60d705 sp=0x0000003ad94fe640
Event: 768.799 Thread 0x0000013c4942eca0 DEOPT UNPACKING pc=0x0000013c73904242 sp=0x0000003ad94fdbc0 mode 0
Event: 768.814 Thread 0x0000013c4942d8f0 DEOPT PACKING pc=0x0000013c6c60d705 sp=0x0000003ad98fe6b0
Event: 768.814 Thread 0x0000013c4942d8f0 DEOPT UNPACKING pc=0x0000013c73904242 sp=0x0000003ad98fdc30 mode 0
Event: 768.830 Thread 0x0000013c4942d260 DEOPT PACKING pc=0x0000013c6c60d705 sp=0x0000003ad96fed70
Event: 768.830 Thread 0x0000013c4942d260 DEOPT UNPACKING pc=0x0000013c73904242 sp=0x0000003ad96fe2f0 mode 0
Event: 768.831 Thread 0x0000013c53b9d760 DEOPT PACKING pc=0x0000013c6c60d705 sp=0x0000003ad84fedb0
Event: 768.831 Thread 0x0000013c53b9d760 DEOPT UNPACKING pc=0x0000013c73904242 sp=0x0000003ad84fe330 mode 0
Event: 1810.771 Thread 0x0000013c47aca0b0 DEOPT PACKING pc=0x0000013c6ce0cd5e sp=0x0000003ad87fda20
Event: 1810.772 Thread 0x0000013c47aca0b0 DEOPT UNPACKING pc=0x0000013c73904242 sp=0x0000003ad87fcf08 mode 0

Classes loaded (20 events):
Event: 466.206 Loading class javax/xml/transform/TransformerConfigurationException
Event: 466.206 Loading class javax/xml/transform/TransformerConfigurationException done
Event: 468.009 Loading class java/util/concurrent/ArrayBlockingQueue
Event: 468.012 Loading class java/util/concurrent/ArrayBlockingQueue done
Event: 468.073 Loading class java/util/concurrent/ConcurrentHashMap$KeySpliterator
Event: 468.077 Loading class java/util/concurrent/ConcurrentHashMap$KeySpliterator done
Event: 468.098 Loading class sun/nio/ch/ChannelOutputStream
Event: 468.098 Loading class sun/nio/ch/ChannelOutputStream done
Event: 468.340 Loading class java/io/CharArrayWriter
Event: 468.340 Loading class java/io/CharArrayWriter done
Event: 762.176 Loading class java/util/stream/Nodes$CollectorTask$OfRef
Event: 762.177 Loading class java/util/stream/Nodes$CollectorTask
Event: 762.181 Loading class java/util/stream/Nodes$CollectorTask done
Event: 762.181 Loading class java/util/stream/Nodes$CollectorTask$OfRef done
Event: 762.204 Loading class java/util/function/LongFunction
Event: 762.206 Loading class java/util/function/LongFunction done
Event: 762.209 Loading class java/util/stream/Nodes$ConcNode
Event: 762.210 Loading class java/util/stream/Nodes$AbstractConcNode
Event: 762.211 Loading class java/util/stream/Nodes$AbstractConcNode done
Event: 762.211 Loading class java/util/stream/Nodes$ConcNode done

Classes unloaded (9 events):
Event: 15.783 Thread 0x0000013c690f2590 Unloading class 0x0000013c011a2c00 'java/lang/invoke/LambdaForm$MH+0x0000013c011a2c00'
Event: 15.783 Thread 0x0000013c690f2590 Unloading class 0x0000013c011a2800 'java/lang/invoke/LambdaForm$MH+0x0000013c011a2800'
Event: 15.783 Thread 0x0000013c690f2590 Unloading class 0x0000013c011a2400 'java/lang/invoke/LambdaForm$MH+0x0000013c011a2400'
Event: 15.783 Thread 0x0000013c690f2590 Unloading class 0x0000013c011a2000 'java/lang/invoke/LambdaForm$MH+0x0000013c011a2000'
Event: 15.783 Thread 0x0000013c690f2590 Unloading class 0x0000013c011a1c00 'java/lang/invoke/LambdaForm$BMH+0x0000013c011a1c00'
Event: 15.783 Thread 0x0000013c690f2590 Unloading class 0x0000013c011a1800 'java/lang/invoke/LambdaForm$DMH+0x0000013c011a1800'
Event: 15.783 Thread 0x0000013c690f2590 Unloading class 0x0000013c011a0400 'java/lang/invoke/LambdaForm$DMH+0x0000013c011a0400'
Event: 27.281 Thread 0x0000013c690f2590 Unloading class 0x0000013c01604800 'java/lang/invoke/LambdaForm$DMH+0x0000013c01604800'
Event: 27.281 Thread 0x0000013c690f2590 Unloading class 0x0000013c01604c00 'java/lang/invoke/LambdaForm$DMH+0x0000013c01604c00'

Classes redefined (0 events):
No events

Internal exceptions (20 events):
Event: 467.844 Thread 0x0000013c47ac9390 Exception <a 'sun/nio/fs/WindowsException'{0x00000000d615c3e8}> (0x00000000d615c3e8) 
thrown [s\src\hotspot\share\prims\jni.cpp, line 520]
Event: 467.844 Thread 0x0000013c47ac9a20 Exception <a 'sun/nio/fs/WindowsException'{0x00000000d6168ad8}> (0x00000000d6168ad8) 
thrown [s\src\hotspot\share\prims\jni.cpp, line 520]
Event: 467.845 Thread 0x0000013c48b72360 Exception <a 'sun/nio/fs/WindowsException'{0x00000000d61751e8}> (0x00000000d61751e8) 
thrown [s\src\hotspot\share\prims\jni.cpp, line 520]
Event: 467.846 Thread 0x0000013c53b9d0d0 Exception <a 'sun/nio/fs/WindowsException'{0x00000000d6181900}> (0x00000000d6181900) 
thrown [s\src\hotspot\share\prims\jni.cpp, line 520]
Event: 467.847 Thread 0x0000013c48b72360 Exception <a 'sun/nio/fs/WindowsException'{0x00000000d6176f18}> (0x00000000d6176f18) 
thrown [s\src\hotspot\share\prims\jni.cpp, line 520]
Event: 468.042 Thread 0x0000013c53ba0be0 Exception <a 'java/lang/NoSuchMethodError'{0x00000000d5dd4be0}: 'void java.lang.invoke.DirectMethodHandle$Holder.invokeStatic(java.lang.Object, int, java.lang.Object)'> (0x00000000d5dd4be0) 
thrown [s\src\hotspot\share\interpreter\linkResolver.cpp, line 773]
Event: 468.080 Thread 0x0000013c47acadd0 Exception <a 'java/lang/NoSuchMethodError'{0x00000000d5f16060}: 'java.lang.Object java.lang.invoke.DirectMethodHandle$Holder.newInvokeSpecial(java.lang.Object, java.lang.Object, int, int, java.lang.Object)'> (0x00000000d5f16060) 
thrown [s\src\hotspot\share\interpreter\linkResolver.cpp, line 773]
Event: 468.304 Thread 0x0000013c47acadd0 Exception <a 'sun/nio/fs/WindowsException'{0x00000000d57c8228}> (0x00000000d57c8228) 
thrown [s\src\hotspot\share\prims\jni.cpp, line 520]
Event: 468.304 Thread 0x0000013c47acadd0 Exception <a 'sun/nio/fs/WindowsException'{0x00000000d57c8868}> (0x00000000d57c8868) 
thrown [s\src\hotspot\share\prims\jni.cpp, line 520]
Event: 762.245 Thread 0x0000013c49431a90 Exception <a 'sun/nio/fs/WindowsException'{0x00000000d61d0d58}> (0x00000000d61d0d58) 
thrown [s\src\hotspot\share\prims\jni.cpp, line 520]
Event: 762.246 Thread 0x0000013c49431a90 Exception <a 'sun/nio/fs/WindowsException'{0x00000000d61d1648}> (0x00000000d61d1648) 
thrown [s\src\hotspot\share\prims\jni.cpp, line 520]
Event: 762.290 Thread 0x0000013c49431a90 Exception <a 'java/lang/NoSuchMethodError'{0x00000000d6281c70}: static [J.<clinit>()V> (0x00000000d6281c70) 
thrown [s\src\hotspot\share\prims\jni.cpp, line 1111]
Event: 1048.673 Thread 0x0000013c47aca0b0 Exception <a 'sun/nio/fs/WindowsException'{0x00000000d5cce8f0}> (0x00000000d5cce8f0) 
thrown [s\src\hotspot\share\prims\jni.cpp, line 520]
Event: 1048.673 Thread 0x0000013c47aca0b0 Exception <a 'sun/nio/fs/WindowsException'{0x00000000d5ccef30}> (0x00000000d5ccef30) 
thrown [s\src\hotspot\share\prims\jni.cpp, line 520]
Event: 1048.753 Thread 0x0000013c47aca0b0 Exception <a 'sun/nio/fs/WindowsException'{0x00000000d62066c8}> (0x00000000d62066c8) 
thrown [s\src\hotspot\share\prims\jni.cpp, line 520]
Event: 1048.753 Thread 0x0000013c47aca0b0 Exception <a 'sun/nio/fs/WindowsException'{0x00000000d6206fb8}> (0x00000000d6206fb8) 
thrown [s\src\hotspot\share\prims\jni.cpp, line 520]
Event: 1348.897 Thread 0x0000013c47aca0b0 Exception <a 'sun/nio/fs/WindowsException'{0x00000000d5594730}> (0x00000000d5594730) 
thrown [s\src\hotspot\share\prims\jni.cpp, line 520]
Event: 1348.903 Thread 0x0000013c47aca0b0 Exception <a 'sun/nio/fs/WindowsException'{0x00000000d5595020}> (0x00000000d5595020) 
thrown [s\src\hotspot\share\prims\jni.cpp, line 520]
Event: 2110.657 Thread 0x0000013c49431a90 Exception <a 'sun/nio/fs/WindowsException'{0x00000000d617fdc0}> (0x00000000d617fdc0) 
thrown [s\src\hotspot\share\prims\jni.cpp, line 520]
Event: 2110.658 Thread 0x0000013c49431a90 Exception <a 'sun/nio/fs/WindowsException'{0x00000000d61806b0}> (0x00000000d61806b0) 
thrown [s\src\hotspot\share\prims\jni.cpp, line 520]

ZGC Phase Switch (0 events):
No events

VM Operations (20 events):
Event: 2110.856 Executing safepoint VM operation: Cleanup
Event: 2110.857 Executing safepoint VM operation: Cleanup done
Event: 2111.860 Executing safepoint VM operation: Cleanup
Event: 2111.860 Executing safepoint VM operation: Cleanup done
Event: 2164.426 Executing non-safepoint VM operation: HandshakeAllThreads (HandshakeForDeflation)
Event: 2164.426 Executing non-safepoint VM operation: HandshakeAllThreads (HandshakeForDeflation) done
Event: 2164.426 Executing non-safepoint VM operation: RendezvousGCThreads
Event: 2164.426 Executing non-safepoint VM operation: RendezvousGCThreads done
Event: 2224.567 Executing non-safepoint VM operation: HandshakeAllThreads (HandshakeForDeflation)
Event: 2224.567 Executing non-safepoint VM operation: HandshakeAllThreads (HandshakeForDeflation) done
Event: 2224.567 Executing non-safepoint VM operation: RendezvousGCThreads
Event: 2224.567 Executing non-safepoint VM operation: RendezvousGCThreads done
Event: 2344.679 Executing non-safepoint VM operation: HandshakeAllThreads (HandshakeForDeflation)
Event: 2344.679 Executing non-safepoint VM operation: HandshakeAllThreads (HandshakeForDeflation) done
Event: 2344.679 Executing non-safepoint VM operation: RendezvousGCThreads
Event: 2344.679 Executing non-safepoint VM operation: RendezvousGCThreads done
Event: 2464.871 Executing non-safepoint VM operation: HandshakeAllThreads (HandshakeForDeflation)
Event: 2464.871 Executing non-safepoint VM operation: HandshakeAllThreads (HandshakeForDeflation) done
Event: 2464.871 Executing non-safepoint VM operation: RendezvousGCThreads
Event: 2464.871 Executing non-safepoint VM operation: RendezvousGCThreads done

Memory protections (0 events):
No events

Nmethod flushes (20 events):
Event: 27.302 Thread 0x0000013c690f2590 flushing  nmethod 0x0000013c6cb7a510
Event: 27.302 Thread 0x0000013c690f2590 flushing  nmethod 0x0000013c6cb82410
Event: 27.302 Thread 0x0000013c690f2590 flushing  nmethod 0x0000013c6cb82e90
Event: 27.302 Thread 0x0000013c690f2590 flushing  nmethod 0x0000013c6cb8ce90
Event: 27.302 Thread 0x0000013c690f2590 flushing  nmethod 0x0000013c6cbad790
Event: 27.302 Thread 0x0000013c690f2590 flushing osr nmethod 0x0000013c6cc12110
Event: 27.302 Thread 0x0000013c690f2590 flushing  nmethod 0x0000013c6cc31b90
Event: 27.302 Thread 0x0000013c690f2590 flushing  nmethod 0x0000013c6cc44c90
Event: 27.302 Thread 0x0000013c690f2590 flushing  nmethod 0x0000013c6cc48190
Event: 27.302 Thread 0x0000013c690f2590 flushing  nmethod 0x0000013c6cc49090
Event: 27.302 Thread 0x0000013c690f2590 flushing  nmethod 0x0000013c6cc49410
Event: 27.302 Thread 0x0000013c690f2590 flushing  nmethod 0x0000013c6cc4d710
Event: 27.302 Thread 0x0000013c690f2590 flushing  nmethod 0x0000013c6cc6a610
Event: 27.302 Thread 0x0000013c690f2590 flushing  nmethod 0x0000013c6cc6ac10
Event: 27.302 Thread 0x0000013c690f2590 flushing  nmethod 0x0000013c6cc6b490
Event: 27.302 Thread 0x0000013c690f2590 flushing  nmethod 0x0000013c6cc6bb90
Event: 27.302 Thread 0x0000013c690f2590 flushing  nmethod 0x0000013c6cc6e610
Event: 27.302 Thread 0x0000013c690f2590 flushing  nmethod 0x0000013c6cc86790
Event: 27.302 Thread 0x0000013c690f2590 flushing  nmethod 0x0000013c6cc86c90
Event: 27.302 Thread 0x0000013c690f2590 flushing  nmethod 0x0000013c6cc87210

Events (20 events):
Event: 947.907 Thread 0x0000013c53b9bd20 Thread exited: 0x0000013c53b9bd20
Event: 951.416 Thread 0x0000013c494306e0 Thread added: 0x0000013c53b9d0d0
Event: 1011.424 Thread 0x0000013c53b9d0d0 Thread exited: 0x0000013c53b9d0d0
Event: 1048.806 Thread 0x0000013c424a0000 Thread added: 0x0000013c49d66660
Event: 1049.492 Thread 0x0000013c49d66660 Thread exited: 0x0000013c49d66660
Event: 1050.027 Thread 0x0000013c424a0000 Thread added: 0x0000013c427b93e0
Event: 1053.011 Thread 0x0000013c427b93e0 Thread exited: 0x0000013c427b93e0
Event: 1068.845 Thread 0x0000013c4942d8f0 Thread exited: 0x0000013c4942d8f0
Event: 1348.795 Thread 0x0000013c47aca0b0 Thread added: 0x0000013c53b9ddf0
Event: 1348.856 Thread 0x0000013c53b9ddf0 Thread exited: 0x0000013c53b9ddf0
Event: 1348.917 Thread 0x0000013c47aca0b0 Thread added: 0x0000013c53b9bd20
Event: 1348.918 Thread 0x0000013c53b9bd20 Thread exited: 0x0000013c53b9bd20
Event: 1369.781 Thread 0x0000013c4942eca0 Thread exited: 0x0000013c4942eca0
Event: 1669.787 Thread 0x0000013c49431400 Thread exited: 0x0000013c49431400
Event: 1969.793 Thread 0x0000013c53b9d760 Thread exited: 0x0000013c53b9d760
Event: 2110.643 Thread 0x0000013c49431a90 Thread added: 0x0000013c53b9bd20
Event: 2110.645 Thread 0x0000013c53b9bd20 Thread exited: 0x0000013c53b9bd20
Event: 2110.662 Thread 0x0000013c49431a90 Thread added: 0x0000013c53b9d0d0
Event: 2110.663 Thread 0x0000013c53b9d0d0 Thread exited: 0x0000013c53b9d0d0
Event: 2269.811 Thread 0x0000013c49430d70 Thread exited: 0x0000013c49430d70


Dynamic libraries:
0x00007ff6427b0000 - 0x00007ff6427be000 	c:\Users\anbui\.vscode\extensions\redhat.java-1.55.0-win32-x64\jre\21.0.11-win32-x86_64\bin\java.exe
0x00007ffc85f00000 - 0x00007ffc86166000 	C:\WINDOWS\SYSTEM32\ntdll.dll
0x00007ffc84960000 - 0x00007ffc84a29000 	C:\WINDOWS\System32\KERNEL32.DLL
0x00007ffc83660000 - 0x00007ffc83a5f000 	C:\WINDOWS\System32\KERNELBASE.dll
0x00007ffc7fa60000 - 0x00007ffc7faff000 	C:\WINDOWS\SYSTEM32\apphelp.dll
0x00007ffc83500000 - 0x00007ffc8364c000 	C:\WINDOWS\System32\ucrtbase.dll
0x00007ffc40290000 - 0x00007ffc402ae000 	c:\Users\anbui\.vscode\extensions\redhat.java-1.55.0-win32-x64\jre\21.0.11-win32-x86_64\bin\VCRUNTIME140.dll
0x00007ffc4e4c0000 - 0x00007ffc4e4d8000 	c:\Users\anbui\.vscode\extensions\redhat.java-1.55.0-win32-x64\jre\21.0.11-win32-x86_64\bin\jli.dll
0x00007ffc85660000 - 0x00007ffc85826000 	C:\WINDOWS\System32\USER32.dll
0x00007ffc83c00000 - 0x00007ffc83c27000 	C:\WINDOWS\System32\win32u.dll
0x00007ffc85530000 - 0x00007ffc8555b000 	C:\WINDOWS\System32\GDI32.dll
0x00007ffc83280000 - 0x00007ffc833a9000 	C:\WINDOWS\System32\gdi32full.dll
0x00007ffc71590000 - 0x00007ffc71821000 	C:\WINDOWS\WinSxS\amd64_microsoft.windows.common-controls_6595b64144ccf1df_6.0.26100.8972_none_3e0da176e32f9d4b\COMCTL32.dll
0x00007ffc83110000 - 0x00007ffc831b3000 	C:\WINDOWS\System32\msvcp_win.dll
0x00007ffc85890000 - 0x00007ffc85939000 	C:\WINDOWS\System32\msvcrt.dll
0x00007ffc84680000 - 0x00007ffc846b2000 	C:\WINDOWS\System32\IMM32.DLL
0x00007ffc69800000 - 0x00007ffc6980c000 	c:\Users\anbui\.vscode\extensions\redhat.java-1.55.0-win32-x64\jre\21.0.11-win32-x86_64\bin\vcruntime140_1.dll
0x00007ffc3d7b0000 - 0x00007ffc3d83d000 	c:\Users\anbui\.vscode\extensions\redhat.java-1.55.0-win32-x64\jre\21.0.11-win32-x86_64\bin\msvcp140.dll
0x00007ffbecdc0000 - 0x00007ffbedb62000 	c:\Users\anbui\.vscode\extensions\redhat.java-1.55.0-win32-x64\jre\21.0.11-win32-x86_64\bin\server\jvm.dll
0x00007ffc85a60000 - 0x00007ffc85b1c000 	C:\WINDOWS\System32\ADVAPI32.dll
0x00007ffc845d0000 - 0x00007ffc8467a000 	C:\WINDOWS\System32\sechost.dll
0x00007ffc83ed0000 - 0x00007ffc83fe8000 	C:\WINDOWS\System32\RPCRT4.dll
0x00007ffc85940000 - 0x00007ffc859c2000 	C:\WINDOWS\System32\WS2_32.dll
0x00007ffc82f90000 - 0x00007ffc82fee000 	C:\WINDOWS\SYSTEM32\POWRPROF.dll
0x00007ffc76dc0000 - 0x00007ffc76df6000 	C:\WINDOWS\SYSTEM32\WINMM.dll
0x00007ffc71180000 - 0x00007ffc7118b000 	C:\WINDOWS\SYSTEM32\VERSION.dll
0x00007ffc82f50000 - 0x00007ffc82f65000 	C:\WINDOWS\SYSTEM32\UMPDC.dll
0x00007ffc81e00000 - 0x00007ffc81e1b000 	C:\WINDOWS\SYSTEM32\kernel.appcore.dll
0x00007ffc68890000 - 0x00007ffc6889a000 	c:\Users\anbui\.vscode\extensions\redhat.java-1.55.0-win32-x64\jre\21.0.11-win32-x86_64\bin\jimage.dll
0x00007ffc807d0000 - 0x00007ffc80a12000 	C:\WINDOWS\SYSTEM32\DBGHELP.DLL
0x00007ffc85b30000 - 0x00007ffc85eb5000 	C:\WINDOWS\System32\combase.dll
0x00007ffc844e0000 - 0x00007ffc845b9000 	C:\WINDOWS\System32\OLEAUT32.dll
0x00007ffc6fa90000 - 0x00007ffc6facb000 	C:\WINDOWS\SYSTEM32\dbgcore.DLL
0x00007ffc831c0000 - 0x00007ffc8326c000 	C:\WINDOWS\System32\bcryptPrimitives.dll
0x00007ffc67fa0000 - 0x00007ffc67faf000 	c:\Users\anbui\.vscode\extensions\redhat.java-1.55.0-win32-x64\jre\21.0.11-win32-x86_64\bin\instrument.dll
0x00007ffc40050000 - 0x00007ffc40070000 	c:\Users\anbui\.vscode\extensions\redhat.java-1.55.0-win32-x64\jre\21.0.11-win32-x86_64\bin\java.dll
0x00007ffc84a50000 - 0x00007ffc851d8000 	C:\WINDOWS\System32\SHELL32.dll
0x00007ffc80bc0000 - 0x00007ffc8145b000 	C:\WINDOWS\SYSTEM32\windows.storage.dll
0x00007ffc85560000 - 0x00007ffc85659000 	C:\WINDOWS\System32\SHCORE.dll
0x00007ffc848e0000 - 0x00007ffc84946000 	C:\WINDOWS\System32\shlwapi.dll
0x00007ffc83030000 - 0x00007ffc83059000 	C:\WINDOWS\SYSTEM32\profapi.dll
0x00007ffc400b0000 - 0x00007ffc400c8000 	c:\Users\anbui\.vscode\extensions\redhat.java-1.55.0-win32-x64\jre\21.0.11-win32-x86_64\bin\zip.dll
0x00007ffc677f0000 - 0x00007ffc67800000 	C:\Users\anbui\.vscode\extensions\redhat.java-1.55.0-win32-x64\jre\21.0.11-win32-x86_64\bin\net.dll
0x00007ffc7b290000 - 0x00007ffc7b3b8000 	C:\WINDOWS\SYSTEM32\WINHTTP.dll
0x00007ffc823b0000 - 0x00007ffc8241c000 	C:\WINDOWS\system32\mswsock.dll
0x00007ffc40090000 - 0x00007ffc400a6000 	C:\Users\anbui\.vscode\extensions\redhat.java-1.55.0-win32-x64\jre\21.0.11-win32-x86_64\bin\nio.dll
0x00007ffc64bb0000 - 0x00007ffc64bc0000 	c:\Users\anbui\.vscode\extensions\redhat.java-1.55.0-win32-x64\jre\21.0.11-win32-x86_64\bin\verify.dll
0x00007ffc3d760000 - 0x00007ffc3d7a5000 	C:\Users\anbui\AppData\Roaming\Code\User\globalStorage\redhat.java\1.55.0\config_win\org.eclipse.equinox.launcher\org.eclipse.equinox.launcher.win32.win32.x86_64_1.3.100.v20260613-0559\eclipse_11924.dll
0x00007ffc85370000 - 0x00007ffc85509000 	C:\WINDOWS\System32\ole32.dll
0x00007ffc826a0000 - 0x00007ffc826bb000 	C:\WINDOWS\SYSTEM32\CRYPTSP.dll
0x00007ffc81d60000 - 0x00007ffc81d99000 	C:\WINDOWS\system32\rsaenh.dll
0x00007ffc82460000 - 0x00007ffc82492000 	C:\WINDOWS\SYSTEM32\USERENV.dll
0x00007ffc83000000 - 0x00007ffc8302a000 	C:\WINDOWS\SYSTEM32\bcrypt.dll
0x00007ffc826c0000 - 0x00007ffc826cc000 	C:\WINDOWS\SYSTEM32\CRYPTBASE.dll
0x00007ffc817b0000 - 0x00007ffc817e3000 	C:\WINDOWS\SYSTEM32\IPHLPAPI.DLL
0x00007ffc85830000 - 0x00007ffc8583a000 	C:\WINDOWS\System32\NSI.dll
0x00007ffc3b6b0000 - 0x00007ffc3b6f9000 	C:\Users\anbui\AppData\Local\Temp\jna-92956457\jna15078930759968817469.dll
0x00007ffc845c0000 - 0x00007ffc845c8000 	C:\WINDOWS\System32\PSAPI.DLL
0x00007ffc7b630000 - 0x00007ffc7b64d000 	C:\WINDOWS\SYSTEM32\dhcpcsvc6.DLL
0x00007ffc7b5f0000 - 0x00007ffc7b615000 	C:\WINDOWS\SYSTEM32\dhcpcsvc.DLL

JVMTI agents:
c:\Users\anbui\.vscode\extensions\redhat.java-1.55.0-win32-x64\lombok\lombok-1.18.39-4050.jar path:c:\Users\anbui\.vscode\extensions\redhat.java-1.55.0-win32-x64\jre\21.0.11-win32-x86_64\bin\instrument.dll, loaded, initialized, instrumentlib options:none

dbghelp: loaded successfully - version: 4.0.5 - missing functions: none
symbol engine: initialized successfully - sym options: 0x614 - pdb path: .;c:\Users\anbui\.vscode\extensions\redhat.java-1.55.0-win32-x64\jre\21.0.11-win32-x86_64\bin;C:\WINDOWS\SYSTEM32;C:\WINDOWS\WinSxS\amd64_microsoft.windows.common-controls_6595b64144ccf1df_6.0.26100.8972_none_3e0da176e32f9d4b;c:\Users\anbui\.vscode\extensions\redhat.java-1.55.0-win32-x64\jre\21.0.11-win32-x86_64\bin\server;C:\Users\anbui\AppData\Roaming\Code\User\globalStorage\redhat.java\1.55.0\config_win\org.eclipse.equinox.launcher\org.eclipse.equinox.launcher.win32.win32.x86_64_1.3.100.v20260613-0559;C:\Users\anbui\AppData\Local\Temp\jna-92956457

VM Arguments:
jvm_args: --add-modules=ALL-SYSTEM --add-opens=java.base/java.util=ALL-UNNAMED --add-opens=java.base/java.lang=ALL-UNNAMED --add-opens=java.base/sun.nio.fs=ALL-UNNAMED -Declipse.application=org.eclipse.jdt.ls.core.id1 -Dosgi.bundles.defaultStartLevel=4 -Declipse.product=org.eclipse.jdt.ls.core.product -Djava.import.generatesMetadataFilesAtProjectRoot=false -DDetectVMInstallationsJob.disabled=true -Dfile.encoding=utf8 -XX:+UseParallelGC -XX:GCTimeRatio=4 -XX:AdaptiveSizePolicyWeight=90 -Dsun.zip.disableMemoryMapping=true -Xmx2G -Xms100m -Xlog:disable -javaagent:c:\Users\anbui\.vscode\extensions\redhat.java-1.55.0-win32-x64\lombok\lombok-1.18.39-4050.jar -XX:+HeapDumpOnOutOfMemoryError -XX:HeapDumpPath=c:\Users\anbui\AppData\Roaming\Code\User\workspaceStorage\4c3b01ef5db8e28a084d79cf8c87eaeb\redhat.java -Daether.dependencyCollector.impl=bf 
java_command: c:\Users\anbui\.vscode\extensions\redhat.java-1.55.0-win32-x64\server\plugins\org.eclipse.equinox.launcher_1.7.200.v20260619-2039.jar -configuration c:\Users\anbui\AppData\Roaming\Code\User\globalStorage\redhat.java\1.55.0\config_win -data c:\Users\anbui\AppData\Roaming\Code\User\workspaceStorage\4c3b01ef5db8e28a084d79cf8c87eaeb\redhat.java\jdt_ws --pipe=\\.\pipe\lsp-28ca870b04e81a2e1c01af788de16cf6-sock
java_class_path (initial): c:\Users\anbui\.vscode\extensions\redhat.java-1.55.0-win32-x64\server\plugins\org.eclipse.equinox.launcher_1.7.200.v20260619-2039.jar
Launcher Type: SUN_STANDARD

[Global flags]
    uintx AdaptiveSizePolicyWeight                 = 90                                        {product} {command line}
     intx CICompilerCount                          = 4                                         {product} {ergonomic}
    uintx GCTimeRatio                              = 4                                         {product} {command line}
     bool HeapDumpOnOutOfMemoryError               = true                                   {manageable} {command line}
    ccstr HeapDumpPath                             = c:\Users\anbui\AppData\Roaming\Code\User\workspaceStorage\4c3b01ef5db8e28a084d79cf8c87eaeb\redhat.java         {manageable} {command line}
   size_t InitialHeapSize                          = 104857600                                 {product} {command line}
   size_t MaxHeapSize                              = 2147483648                                {product} {command line}
   size_t MaxNewSize                               = 715653120                                 {product} {ergonomic}
   size_t MinHeapDeltaBytes                        = 524288                                    {product} {ergonomic}
   size_t MinHeapSize                              = 104857600                                 {product} {command line}
   size_t NewSize                                  = 34603008                                  {product} {ergonomic}
    uintx NonNMethodCodeHeapSize                   = 5839372                                {pd product} {ergonomic}
    uintx NonProfiledCodeHeapSize                  = 122909434                              {pd product} {ergonomic}
   size_t OldSize                                  = 70254592                                  {product} {ergonomic}
    uintx ProfiledCodeHeapSize                     = 122909434                              {pd product} {ergonomic}
    uintx ReservedCodeCacheSize                    = 251658240                              {pd product} {ergonomic}
     bool SegmentedCodeCache                       = true                                      {product} {ergonomic}
   size_t SoftMaxHeapSize                          = 2147483648                             {manageable} {ergonomic}
     bool UseCompressedOops                        = true                           {product lp64_product} {ergonomic}
     bool UseLargePagesIndividualAllocation        = false                                  {pd product} {ergonomic}
     bool UseParallelGC                            = true                                      {product} {command line}

Logging:
Log output configuration:
 #0: stdout all=off uptime,level,tags foldmultilines=false
 #1: stderr all=off uptime,level,tags foldmultilines=false

Release file:
JAVA_VERSION="21.0.11" 
MODULES="java.base java.compiler java.datatransfer java.xml java.prefs java.desktop java.instrument java.logging java.management java.security.sasl java.naming java.rmi java.management.rmi java.net.http java.scripting java.security.jgss java.transaction.xa java.sql java.sql.rowset java.xml.crypto java.se java.smartcardio jdk.accessibility jdk.internal.jvmstat jdk.attach jdk.charsets jdk.internal.opt jdk.zipfs jdk.compiler jdk.crypto.ec jdk.crypto.cryptoki jdk.crypto.mscapi jdk.dynalink jdk.internal.ed jdk.editpad jdk.hotspot.agent jdk.httpserver jdk.internal.le jdk.internal.vm.ci jdk.internal.vm.compiler jdk.internal.vm.compiler.management jdk.jartool jdk.javadoc jdk.jcmd jdk.management jdk.management.agent jdk.jconsole jdk.jdeps jdk.jdwp.agent jdk.jdi jdk.jfr jdk.jshell jdk.jsobject jdk.jstatd jdk.localedata jdk.management.jfr jdk.naming.dns jdk.naming.rmi jdk.net jdk.nio.mapmode jdk.random jdk.sctp jdk.security.auth jdk.security.jgss jdk.unsupported jdk.unsupported.desktop jdk.xml.dom" 

Environment Variables:
JAVA_HOME=C:\Program Files\Java\jdk-25.0.2\
PATH=D:\app\anbui\product\11.1.0\db_1\bin;C:\Program Files\Common Files\Oracle\Java\javapath;C:\WINDOWS\system32;C:\WINDOWS;C:\WINDOWS\System32\Wbem;C:\WINDOWS\System32\WindowsPowerShell\v1.0\;C:\WINDOWS\System32\OpenSSH\;C:\Program Files\dotnet\;C:\Program Files\Java\jdk-25.0.2\bin;C:\Program Files\nodejs\;C:\Program Files\Git\cmd;C:\Program Files\apache-maven-3.9.16\bin;C:\Users\anbui\AppData\Local\Microsoft\WindowsApps;C:\Users\anbui\AppData\Local\Programs\Microsoft VS Code\bin;C:\Users\anbui\AppData\Roaming\npm
USERNAME=anbui
OS=Windows_NT
PROCESSOR_IDENTIFIER=AMD64 Family 23 Model 160 Stepping 0, AuthenticAMD
TMP=C:\Users\anbui\AppData\Local\Temp
TEMP=C:\Users\anbui\AppData\Local\Temp




Periodic native trim disabled

---------------  S Y S T E M  ---------------

OS:
 Windows 11 , 64 bit Build 26100 (10.0.26100.9168)
OS uptime: 18 days 2:55 hours
Hyper-V role detected

CPU: total 8 (initial active 8) (8 cores per cpu, 2 threads per core) family 23 model 160 stepping 0 microcode 0x8a0000b, cx8, cmov, fxsr, ht, mmx, 3dnowpref, sse, sse2, sse3, ssse3, sse4a, sse4.1, sse4.2, popcnt, lzcnt, tsc, tscinvbit, avx, avx2, aes, clmul, bmi1, bmi2, adx, sha, fma, vzeroupper, clflush, clflushopt, hv, rdtscp, rdpid, f16c
Processor Information for the first 8 processors :
  Max Mhz: 2401, Current Mhz: 2401, Mhz Limit: 2401

Memory: 4k page, system-wide physical 7379M (581M free)
TotalPageFile size 20077M (AvailPageFile size 5M)
current process WorkingSet (physical memory assigned to process): 13M, peak: 340M
current process commit charge ("private bytes"): 516M, peak: 518M

vm_info: OpenJDK 64-Bit Server VM (21.0.11+10-LTS) for windows-amd64 JRE (21.0.11+10-LTS), built on 2026-04-21T00:00:00Z by "admin" with MS VC++ 17.12 (VS2022)

END.
